// Jest Snapshot v1, https://goo.gl/fbAQLP

exports[`EntityService.getAccountFromAlias tests EntityService.getAccountFromAlias - Duplicate alias 1`] = `"Multiple alive entities matching alias"`;

exports[`EntityService.getAccountIdFromAlias tests EntityService.getAccountIdFromAlias - No match - result required 1`] = `"No account with a matching alias found"`;

exports[`EntityService.getEncodedId tests EntityService.getEncodedId - Invalid alias 1`] = `
[
  "Invalid parameter: idOrAliasOrEvmAddress",
]
`;

exports[`EntityService.getEncodedId tests EntityService.getEncodedId - Non-zero realm 1`] = `"No account with a matching alias found"`;

exports[`EntityService.getEncodedId tests EntityService.getEncodedId - Non-zero realm 2`] = `
[
  "Invalid parameter: idOrAliasOrEvmAddress",
]
`;

exports[`EntityService.getEncodedId tests EntityService.getEncodedId - Non-zero realm 3`] = `
[
  "Invalid parameter: idOrAliasOrEvmAddress",
]
`;

exports[`EntityService.getEncodedId tests EntityService.getEncodedId - Non-zero realm 4`] = `"Not found"`;

exports[`EntityService.getEncodedId tests EntityService.getEncodedId - Non-zero realm 5`] = `"Not found"`;

exports[`EntityService.getEncodedId tests EntityService.getEncodedId - Non-zero realm 6`] = `
[
  "Invalid parameter: idOrAliasOrEvmAddress",
]
`;

exports[`EntityService.getEncodedId tests EntityService.getEncodedId - Non-zero realm 7`] = `
[
  "Invalid parameter: idOrAliasOrEvmAddress",
]
`;

exports[`EntityService.getEntityIdFromEvmAddress tests EntityService.getEntityIdFromEvmAddress - Multiple matches 1`] = `"Multiple alive entities matching evm address"`;

exports[`EntityService.getEntityIdFromEvmAddress tests EntityService.getEntityIdFromEvmAddress - No match - result required 1`] = `"Not found"`;

exports[`EntityService.getEntityIdFromEvmAddress tests EntityService.getEntityIdFromEvmAddress - Non-zero realm 1`] = `"Not found"`;

exports[`EntityService.getEntityIdFromEvmAddress tests EntityService.getEntityIdFromEvmAddress - Non-zero realm 2`] = `"Not found"`;
